[neblonhacker.com/bot/index.html]
[neblonhacker.com/bot/t.0.delayed]
[backblue.gif]
[fade.gif]
[index.html]
[neblonhacker.com/wp-content/cache/min/1/wp-content/plugins/elementor/assets/lib/eicons/css/elementor-icons.min7504.css]
[neblonhacker.com/wp-content/plugins/elementor/assets/css/frontend-lite.min2f56.css]
[neblonhacker.com/wp-content/uploads/elementor/css/post-75528.css]
[neblonhacker.com/bot/Firefox/index.html]
[neblonhacker.com/wp-content/plugins/elementor-pro/assets/css/frontend-lite.min007f.css]
[neblonhacker.com/wp-content/uploads/elementor/css/global8997.css]
[neblonhacker.com/wp-content/uploads/elementor/css/post-4266bd1.css]
[neblonhacker.com/wp-content/plugins/wp-rocket/assets/img/youtube.png]
[neblonhacker.com/wp-content/plugins/elementor/assets/lib/font-awesome/css/fontawesome.min52d5.css]
[neblonhacker.com/wp-content/cache/min/1/wp-content/plugins/elementor/assets/lib/font-awesome/css/brands.min6980.css]
[neblonhacker.com/wp-content/uploads/2023/10/FAVICON-150x150.png]
[neblonhacker.com/wp-content/uploads/2023/10/FAVICON-300x300.png]
[connect.facebook.net/en_US/fbevents.js]
[neblonhacker.com/wp-content/plugins/wp-rocket/assets/js/lazyload/17.5/lazyload.min.js]
[neblonhacker.com/bot/index.html]
[neblonhacker.com/bot/t.html]
[neblonhacker.com/bot/Firefox/index.html]
[neblonhacker.com/wp-content/cache/min/1/wp-content/plugins/elementor/assets/lib/eicons/css/elementor-icons.min7504.css]
[neblonhacker.com/wp-content/plugins/elementor/assets/css/frontend-lite.min2f56.css]
[neblonhacker.com/wp-content/uploads/elementor/css/post-75528.css]
[neblonhacker.com/wp-content/plugins/elementor-pro/assets/css/frontend-lite.min007f.css]
[neblonhacker.com/wp-content/uploads/elementor/css/global8997.css]
[neblonhacker.com/wp-content/uploads/2023/11/DESKTOP01-1.jpg]
[neblonhacker.com/wp-content/uploads/elementor/css/post-4266bd1.css]
[neblonhacker.com/wp-content/uploads/2023/11/MOBILE01.jpg]
[neblonhacker.com/wp-content/plugins/elementor/assets/lib/font-awesome/css/fontawesome.min52d5.css]
[neblonhacker.com/wp-content/cache/min/1/wp-content/plugins/elementor/assets/lib/font-awesome/css/brands.min6980.css]
[www.googletagmanager.com/gtm5445.html]
[neblonhacker.com/bot/a]
[neblonhacker.com/bot/POST]
[neblonhacker.com/bot/b.resolvedLink]
[neblonhacker.com/bot/schema.org/index.html]
[neblonhacker.com/signals/iwl.js]
[connect.facebook.net/en_US/fbevents.js]
[neblonhacker.com/wp-content/plugins/wp-rocket/assets/js/lazyload/17.5/lazyload.min.js]
[neblonhacker.com/bot/a.html]
[neblonhacker.com/bot/POST.html]
[neblonhacker.com/bot/schema.org/index.html]
[neblonhacker.com/bot/b.html]
[neblonhacker.com/signals/iwl.html]
